{"level":"info","time":"2026-06-13T02:47:45Z","message":"Thank you for trying Cloudflare Tunnel. Doing so, without a Cloudflare account, is a quick way to experiment and try it out. However, be aware that these account-less Tunnels have no uptime guarantee, are subject to the Cloudflare Online Services Terms of Use (https://www.cloudflare.com/website-terms/), and Cloudflare reserves the right to investigate your use of Tunnels for violations of such terms. If you intend to use Tunnels in production you should use a pre-created named tunnel by following: https://developers.cloudflare.com/cloudflare-one/connections/connect-apps"}
{"level":"info","time":"2026-06-13T02:47:45Z","message":"Requesting new quick Tunnel on trycloudflare.com..."}
{"level":"info","time":"2026-06-13T02:47:49Z","message":"+--------------------------------------------------------------------------------------------+"}
{"level":"info","time":"2026-06-13T02:47:49Z","message":"|  Your quick Tunnel has been created! Visit it at (it may take some time to be reachable):  |"}
{"level":"info","time":"2026-06-13T02:47:49Z","message":"|  https://possess-byte-accomplish-experience.trycloudflare.com                              |"}
{"level":"info","time":"2026-06-13T02:47:49Z","message":"+--------------------------------------------------------------------------------------------+"}
{"level":"info","time":"2026-06-13T02:47:49Z","message":"Cannot determine default configuration path. No file [config.yml config.yaml] in [~/.cloudflared ~/.cloudflare-warp ~/cloudflare-warp]"}
{"level":"info","time":"2026-06-13T02:47:49Z","message":"Version 2026.5.2 (Checksum 20b9638f685333d623798e733effbad2487093f15ba592f6c7752360ff3b7ab7)"}
{"level":"info","time":"2026-06-13T02:47:49Z","message":"GOOS: windows, GOVersion: go1.26.3, GoArch: amd64"}
{"level":"info","time":"2026-06-13T02:47:49Z","message":"Settings: map[ha-connections:1 logfile:C:\\Users\\Administrador\\Desktop\\pdv\\cloudflared.log protocol:quic url:http://localhost:3000]"}
{"level":"info","time":"2026-06-13T02:47:49Z","message":"cloudflared will not automatically update on Windows systems."}
{"level":"info","time":"2026-06-13T02:47:49Z","message":"Generated Connector ID: 8e3bce80-e717-48e9-9939-836f0f9376c8"}
{"level":"info","time":"2026-06-13T02:47:49Z","message":"Initial protocol quic"}
{"level":"info","time":"2026-06-13T02:47:49Z","message":"ICMP proxy will use 192.168.1.170 as source for IPv4"}
{"level":"info","time":"2026-06-13T02:47:49Z","message":"ICMP proxy will use 2806:103e:17:927::9 in zone Wi-Fi as source for IPv6"}
{"level":"info","time":"2026-06-13T02:47:49Z","message":"cloudflared does not support loading the system root certificate pool on Windows. Please use --origin-ca-pool <PATH> to specify the path to the certificate pool"}
{"level":"info","time":"2026-06-13T02:47:49Z","message":"ICMP proxy will use 192.168.1.170 as source for IPv4"}
{"level":"info","event":0,"ip":"2606:4700:a0::6","connIndex":0,"time":"2026-06-13T02:47:49Z","message":"Tunnel connection curve preferences: [X25519MLKEM768 CurveID(65074) CurveP256]"}
{"level":"info","time":"2026-06-13T02:47:49Z","message":"ICMP proxy will use 2806:103e:17:927::9 in zone Wi-Fi as source for IPv6"}
{"level":"info","time":"2026-06-13T02:47:49Z","message":"Starting metrics server on 127.0.0.1:20241/metrics"}
{"level":"info","event":0,"connection":"a796405c-5b48-4b32-bbf0-e09eb489b419","connIndex":0,"location":"qro01","ip":"2606:4700:a0::6","protocol":"quic","time":"2026-06-13T02:47:49Z","message":"Registered tunnel connection"}
{"level":"info","time":"2026-06-13T02:47:50Z","message":"+-------------------------------------------------------------------------------------+"}
{"level":"info","time":"2026-06-13T02:47:50Z","message":"|                               CONNECTIVITY PRE-CHECKS                               |"}
{"level":"info","time":"2026-06-13T02:47:50Z","message":"+-------------------------------------------------------------------------------------+"}
{"level":"info","time":"2026-06-13T02:47:50Z","message":"|  COMPONENT         TARGET                     STATUS  DETAILS                       |"}
{"level":"info","time":"2026-06-13T02:47:50Z","message":"|  DNS Resolution    region1.v2.argotunnel.com  PASS    DNS Resolved successfully     |"}
{"level":"info","time":"2026-06-13T02:47:50Z","message":"|  DNS Resolution    region2.v2.argotunnel.com  PASS    DNS Resolved successfully     |"}
{"level":"info","time":"2026-06-13T02:47:50Z","message":"|  UDP Connectivity  region1.v2.argotunnel.com  PASS    QUIC connection successful    |"}
{"level":"info","time":"2026-06-13T02:47:50Z","message":"|  UDP Connectivity  region2.v2.argotunnel.com  PASS    QUIC connection successful    |"}
{"level":"info","time":"2026-06-13T02:47:50Z","message":"|  TCP Connectivity  region1.v2.argotunnel.com  PASS    HTTP/2 connection successful  |"}
{"level":"info","time":"2026-06-13T02:47:50Z","message":"|  TCP Connectivity  region2.v2.argotunnel.com  PASS    HTTP/2 connection successful  |"}
{"level":"info","time":"2026-06-13T02:47:50Z","message":"|  Cloudflare API    api.cloudflare.com:443     PASS    API is reachable              |"}
{"level":"info","time":"2026-06-13T02:47:50Z","message":"|                                                                                     |"}
{"level":"info","time":"2026-06-13T02:47:50Z","message":"|  SUMMARY: Environment is healthy. cloudflared will use 'quic' as primary protocol.  |"}
{"level":"info","time":"2026-06-13T02:47:50Z","message":"+-------------------------------------------------------------------------------------+"}
{"level":"info","run_id":"0b481106-cb9d-47b8-bf73-ca16b99db649","component":"DNS Resolution","target":"region1.v2.argotunnel.com","status":"pass","details":"DNS Resolved successfully","time":"2026-06-13T02:47:50Z","message":"precheck"}
{"level":"info","run_id":"0b481106-cb9d-47b8-bf73-ca16b99db649","component":"DNS Resolution","target":"region2.v2.argotunnel.com","status":"pass","details":"DNS Resolved successfully","time":"2026-06-13T02:47:50Z","message":"precheck"}
{"level":"info","run_id":"0b481106-cb9d-47b8-bf73-ca16b99db649","component":"UDP Connectivity","target":"region1.v2.argotunnel.com","status":"pass","details":"QUIC connection successful","time":"2026-06-13T02:47:50Z","message":"precheck"}
{"level":"info","run_id":"0b481106-cb9d-47b8-bf73-ca16b99db649","component":"UDP Connectivity","target":"region2.v2.argotunnel.com","status":"pass","details":"QUIC connection successful","time":"2026-06-13T02:47:50Z","message":"precheck"}
{"level":"info","run_id":"0b481106-cb9d-47b8-bf73-ca16b99db649","component":"TCP Connectivity","target":"region1.v2.argotunnel.com","status":"pass","details":"HTTP/2 connection successful","time":"2026-06-13T02:47:50Z","message":"precheck"}
{"level":"info","run_id":"0b481106-cb9d-47b8-bf73-ca16b99db649","component":"TCP Connectivity","target":"region2.v2.argotunnel.com","status":"pass","details":"HTTP/2 connection successful","time":"2026-06-13T02:47:50Z","message":"precheck"}
{"level":"info","run_id":"0b481106-cb9d-47b8-bf73-ca16b99db649","component":"Cloudflare API","target":"api.cloudflare.com:443","status":"pass","details":"API is reachable","time":"2026-06-13T02:47:50Z","message":"precheck"}
{"level":"info","run_id":"0b481106-cb9d-47b8-bf73-ca16b99db649","hard_fail":false,"suggested_protocol":"quic","time":"2026-06-13T02:47:50Z","message":"precheck complete"}
{"level":"error","event":0,"ip":"2606:4700:a0::6","connIndex":0,"error":"timeout: no recent network activity","time":"2026-06-13T02:48:38Z","message":"failed to run the datagram handler"}
{"level":"error","event":0,"ip":"2606:4700:a0::6","connIndex":0,"error":"failed to accept QUIC stream: timeout: no recent network activity","time":"2026-06-13T02:48:38Z","message":"failed to accept incoming stream requests"}
{"level":"error","event":0,"ip":"2606:4700:a0::6","connIndex":0,"error":"datagram manager encountered a failure while serving","time":"2026-06-13T02:48:38Z","message":"failed to serve tunnel connection"}
{"level":"error","event":0,"ip":"2606:4700:a0::6","connIndex":0,"error":"datagram manager encountered a failure while serving","time":"2026-06-13T02:48:38Z","message":"Serve tunnel error"}
{"level":"info","event":0,"ip":"2606:4700:a0::6","connIndex":0,"time":"2026-06-13T02:48:38Z","message":"Retrying connection in up to 1s"}
{"level":"info","event":0,"ip":"2606:4700:a0::6","connIndex":0,"time":"2026-06-13T02:48:39Z","message":"Tunnel connection curve preferences: [X25519MLKEM768 CurveID(65074) CurveP256]"}
{"level":"info","event":0,"connection":"7afe2e7b-dcc2-44cd-8027-1534301f45de","connIndex":0,"location":"qro01","ip":"2606:4700:a0::6","protocol":"quic","time":"2026-06-13T02:48:39Z","message":"Registered tunnel connection"}
{"level":"error","event":0,"ip":"2606:4700:a0::6","connIndex":0,"error":"failed to accept QUIC stream: timeout: no recent network activity","time":"2026-06-13T02:52:25Z","message":"failed to accept incoming stream requests"}
{"level":"error","event":0,"ip":"2606:4700:a0::6","connIndex":0,"error":"timeout: no recent network activity","time":"2026-06-13T02:52:25Z","message":"failed to run the datagram handler"}
{"level":"error","event":0,"ip":"2606:4700:a0::6","connIndex":0,"error":"accept stream listener encountered a failure while serving","time":"2026-06-13T02:52:26Z","message":"failed to serve tunnel connection"}
{"level":"error","event":0,"ip":"2606:4700:a0::6","connIndex":0,"error":"accept stream listener encountered a failure while serving","time":"2026-06-13T02:52:27Z","message":"Serve tunnel error"}
{"level":"info","event":0,"ip":"2606:4700:a0::6","connIndex":0,"time":"2026-06-13T02:52:27Z","message":"Retrying connection in up to 1s"}
{"level":"info","event":0,"ip":"2606:4700:a0::6","connIndex":0,"time":"2026-06-13T02:52:28Z","message":"Tunnel connection curve preferences: [X25519MLKEM768 CurveID(65074) CurveP256]"}
{"level":"info","event":0,"connection":"cf03dd63-8737-4b1a-9e9e-3331415896d6","connIndex":0,"location":"qro01","ip":"2606:4700:a0::6","protocol":"quic","time":"2026-06-13T02:52:29Z","message":"Registered tunnel connection"}
{"level":"error","event":1,"connIndex":0,"originService":"http://localhost:3000","ingressRule":0,"error":"Unable to reach the origin service. The service may be down or it may not be responding to traffic from cloudflared: dial tcp [::1]:3000: connectex: No connection could be made because the target machine actively refused it.","time":"2026-06-13T02:53:34Z"}
{"level":"error","event":0,"ip":"2606:4700:a0::6","connIndex":0,"error":"Unable to reach the origin service. The service may be down or it may not be responding to traffic from cloudflared: dial tcp [::1]:3000: connectex: No connection could be made because the target machine actively refused it.","type":"http","dest":"https://possess-byte-accomplish-experience.trycloudflare.com/login","time":"2026-06-13T02:53:34Z","message":"Request failed"}
{"level":"error","event":1,"connIndex":0,"originService":"http://localhost:3000","ingressRule":0,"error":"Unable to reach the origin service. The service may be down or it may not be responding to traffic from cloudflared: read tcp [::1]:61751->[::1]:3000: wsarecv: An existing connection was forcibly closed by the remote host.","time":"2026-06-13T02:53:34Z"}
{"level":"error","event":0,"ip":"2606:4700:a0::6","connIndex":0,"error":"Unable to reach the origin service. The service may be down or it may not be responding to traffic from cloudflared: read tcp [::1]:61751->[::1]:3000: wsarecv: An existing connection was forcibly closed by the remote host.","type":"http","dest":"https://possess-byte-accomplish-experience.trycloudflare.com/login?_rsc=06zRUfsMSCGZeM4t","time":"2026-06-13T02:53:34Z","message":"Request failed"}
{"level":"error","event":1,"connIndex":0,"originService":"http://localhost:3000","ingressRule":0,"error":"Unable to reach the origin service. The service may be down or it may not be responding to traffic from cloudflared: dial tcp [::1]:3000: connectex: No connection could be made because the target machine actively refused it.","time":"2026-06-13T02:53:34Z"}
{"level":"error","event":0,"ip":"2606:4700:a0::6","connIndex":0,"error":"Unable to reach the origin service. The service may be down or it may not be responding to traffic from cloudflared: dial tcp [::1]:3000: connectex: No connection could be made because the target machine actively refused it.","type":"http","dest":"https://possess-byte-accomplish-experience.trycloudflare.com/favicon.ico","time":"2026-06-13T02:53:34Z","message":"Request failed"}
